bare:
999

index:
{"bar":"A"}
{"bar":"A","quux":"B"}
{"bar":"A","quux":"B"}

subscript:
"baz:baz"

via function:
fetch foo...
{"bar":"D","quux":"B"}
on get x do ... end
{"bar":"A","quux":"B"}

via indexed function:
{"key":on get x do ... end}
fetch foo...
{"bar":"C","quux":"B"}
{"key":on get x do ... end}
{"bar":"A","quux":"B"}
{"key":37}

interface via function:
access sys...
9876
access sys...
12345
12345 on getsys do ... end

amending tables:
+--------------+-------+--------+
| fruit        | price | amount |
+--------------+-------+--------+
| "apple"      | 1     | 1      |
| "cherry"     | 0.35  | 15     |
| "golfball"   | 0.75  | 2      |
| "durian"     | 2.99  | 5      |
| "elderberry" | 0.92  | 1      |
+--------------+-------+--------+
+--------------+-------+--------+
| fruit        | price | amount |
+--------------+-------+--------+
| "apple"      | 1     | 1      |
| "cherry"     | 0.35  | 15     |
| "dagger"     | 0.75  | 2      |
| "durian"     | 2.99  | 5      |
| "elderberry" | 0.92  | 1      |
+--------------+-------+--------+
+--------------+-------+--------+
| fruit        | price | amount |
+--------------+-------+--------+
| "apple"      | 1     | 99     |
| "cherry"     | 0.35  | 88     |
| "banana"     | 0.75  | 77     |
| "durian"     | 2.99  | 66     |
| "elderberry" | 0.92  | 55     |
+--------------+-------+--------+
+--------------+-------+--------+------+
| fruit        | price | amount | zoot |
+--------------+-------+--------+------+
| "apple"      | 1     | 1      | 11   |
| "cherry"     | 0.35  | 15     | 22   |
| "banana"     | 0.75  | 2      | 33   |
| "durian"     | 2.99  | 5      | 44   |
| "elderberry" | 0.92  | 1      | 55   |
+--------------+-------+--------+------+
+--------------+-------+--------+------+
| fruit        | price | amount | zoot |
+--------------+-------+--------+------+
| "apple"      | 1     | 1      | 11   |
| "cherry"     | 0.35  | 15     | 22   |
| "banana"     | 0.75  | 2      | 33   |
| "durian"     | 2.99  | 5      | nil  |
| "elderberry" | 0.92  | 1      | nil  |
+--------------+-------+--------+------+
+--------------+-------+--------+------+
| fruit        | price | amount | zoot |
+--------------+-------+--------+------+
| "apple"      | 1     | 1      | 11   |
| "cherry"     | 0.35  | 15     | 22   |
| "banana"     | 0.75  | 2      | 33   |
| "durian"     | 2.99  | 5      | 44   |
| "elderberry" | 0.92  | 1      | 55   |
+--------------+-------+--------+------+
+--------------+-------+--------+------+--------+
| fruit        | price | amount | zoot | zami   |
+--------------+-------+--------+------+--------+
| "apple"      | 1     | 1      | 123  | "foof" |
| "cherry"     | 0.35  | 15     | 123  | "foof" |
| "banana"     | 0.75  | 2      | 123  | "foof" |
| "durian"     | 2.99  | 5      | 123  | "foof" |
| "elderberry" | 0.92  | 1      | 123  | "foof" |
+--------------+-------+--------+------+--------+
+--------------+-------+--------+
| fruit        | price | amount |
+--------------+-------+--------+
| "apple"      | 1     | 1      |
| "rat"        | 0.35  | 12.3   |
| "banana"     | 0.75  | 2      |
| "durian"     | 2.99  | 5      |
| "elderberry" | 0.92  | 1      |
+--------------+-------+--------+
1
1
+--------------+--------+--------+
| fruit        | price  | amount |
+--------------+--------+--------+
| "apple"      | 1      | 1      |
| "cherry"     | 0.35   | 15     |
| "banana"     | 0.75   | 2      |
| "five"       | "five" | "five" |
| "elderberry" | 0.92   | 1      |
+--------------+--------+--------+
