(11,22,11,33,11)
{"a":33,"b":11}
{"a":(11,nil,nil),"b":(22,nil,nil)}
(111,122,133)
fetched
("applied <10>","applied <11>","applied <12>")
bar 0
bar 1
bar 2
((200,0),(200,1),(200,2))
bar 0
bar 1
bar 2
foo [200,0]
foo [200,1]
foo [200,2]
((700,1000),(700,1001),(700,1002))
(3,3,5,4)
(22,55)
{11:"e",22:"o",33:"e",44:"r"}
((3,3),(5,4))
(("o","t"),("t","f"))
(2,1)
((2,3),(2))
(((3,3),(5,4,4)),((3,5)))
(("one","two",2),("six","seven",1))
((("one",2),("three",3)),(("six",2)))
(((("o",3),("t",3)),(("t",5),("f",4),("f",4))),((("s",3),("s",5))))
