<bits>
8
14
(15,14,13,12,11,10,9,8,7,6,5,4,3,2,1,0)
63
63
5
1
1
3238068480
