22
1
888
888
33
(23,nil,333,77)
99
2000
2000
100
101
100
102
It is I, the inner boop.
It is I, the outer boop: 25
(33,nil)
(nil,66)
"Beta"
"Chained"
"Alpha"
"variadic" ()
"variadic" (11)
"variadic" (22,"B")
("...x")
