11

11
22
11
22

11
22
33
11
22
33

11
22
33
44




11
22
33
11
22
33
"nope"
"yes"
