"a,b,t,c4\n11,false,\"one,two\",\n22,true,\"three\nfour\",\n33,false,five,"
+----+---+---------------+----+
| a  | b | t             | c4 |
+----+---+---------------+----+
| 11 | 0 | "one,two"     | "" |
| 22 | 1 | "three\nfour" | "" |
| 33 | 0 | "five"        | "" |
+----+---+---------------+----+
"value\n0\n1\n2\n3\n4"
"foo,bar\nA,-$2.95\nB,$99.80"
+-----+--------+
| foo | bar    |
+-----+--------+
| "A" | -2.953 |
| "B" | 99.8   |
+-----+--------+
+-------+-----+
| A     | B   |
+-------+-----+
| "one" | -12 |
| "two" | 45  |
+-------+-----+
+-------+----------+
| A     | B        |
+-------+----------+
| "one" | "-12.3"  |
| "two" | "45.999" |
+-------+----------+
+-------+----------+
| A     | B        |
+-------+----------+
| "one" | nil      |
| "two" | "45.999" |
+-------+----------+
+-------+----+
| A     | B  |
+-------+----+
| "one" | 11 |
| "two" | 12 |
+-------+----+
+-------+----------+
| A     | B        |
+-------+----------+
| "one" | "-12.3"  |
| "two" | "45.999" |
+-------+----------+
+-----+
| B   |
+-----+
| -12 |
| 45  |
+-----+
+-------+-----+-----+-----+
| A     | B   | c2  | c3  |
+-------+-----+-----+-----+
| "one" | -12 | nil | nil |
| "two" | 45  | nil | nil |
+-------+-----+-----+-----+
++
||
++
+-------+--------+-------+
| first | second | third |
+-------+--------+-------+
+-------+--------+-------+
| first | second | third |
+-------+--------+-------+
| ""    | nil    | nil   |
+-------+--------+-------+
+----+------+
| a  | b    |
+----+------+
| "" | "99" |
| "" | ""   |
+----+------+
+----+-----+
| a  | b   |
+----+-----+
| "" | 99  |
| "" | nil |
+----+-----+
"foo|bar\nA|-$2.95\nB|$99.80\n\"C|D\"|$789.00"
+-------+--------+-------+
| first | second | third |
+-------+--------+-------+
| 11    | 22     | 33    |
+-------+--------+-------+
+--------+----------+------+
| number | fruit    | bool |
+--------+----------+------+
| 1      | "Apple"  | 1    |
| 2      | "Banana" | 0    |
+--------+----------+------+
"number,fruit,bool\n1,Apple,true\n2,Banana,false"
+---------+------------------------------------------+
| name    | rich                                     |
+---------+------------------------------------------+
| "one"   | insert text font arg pat with "Red" "men |
| "two"   | insert text font arg pat with "Blue" "me |
| "three" | insert text font arg pat with "Green" "m |
+---------+------------------------------------------+
"name,rich\none,\"<\"\"text\"\":[\"\"Red\"\"],\"\"font\"\":[\"\"menu\"\"],\"\"arg\"\":[\"\"\"\"],\"\"pat\"\":[35]>\"\ntwo,\"<\"\"text\"\":[\"\"Blue\"\"],\"\"font\"\":[\"\"menu\"\"],\"\"arg\"\":[\"\"\"\"],\"\"pat\"\":[38]>\"\nthree,\"<\"\"text\"\":[\"\"Green\"\"],\"\"font\"\":[\"\"menu\"\"],\"\"arg\"\":[\"\"\"\"],\"\"pat\"\":[41]>\""
1
+------------+-----------------+
| Multi Word | another         |
+------------+-----------------+
| "-1337.5"  | "quoted string" |
+------------+-----------------+
"Multi Word,another\n-1337.5,quoted string"
"name,value\nAlpha,\"[11,22]\"\nBeta,\"[33,44]\"\nGamma,\"[55,66]\""
+---------+---------+
| name    | value   |
+---------+---------+
| "Alpha" | (11,22) |
| "Beta"  | (33,44) |
| "Gamma" | (55,66) |
+---------+---------+
