<system>
5
(49,28,0,27,49,72,80,46,65,22)
(49,28,0,27,49,72,80,46,65,22)
62
"B"
11
("D","A","E","B","C")
"list" "dict"
0.917802 0.74243 0.900731
(nil,nil,nil,nil,nil) (0,0,0,0,0)
(nil,nil) (nil,nil)
{"sys":<system>}
99
{"sys":<system>}
66
66
(1,0,0)
(1,0,0,1,0)

"quux"
"system"
