parse:
(1,0,1,3)
(1,0,0,0)
(1,5)
(0,1,0,0)
(123,-5)
(123,45,678)
(171,171,171,171)
(4207849487,4294967295)
(2,5,1)
(-3,2,0.3,5,0.997,11)
(23,-3.5,420.69)
(23,-3.5,420.69)
(12.34,56.7)
(2,6,1)
("one","two","three")
("ABC","DE")
(65,66,67,68,69)
(176,145,33)
(57,55)
(57)
(1,0,1)
"two"
("ONE","TWO","THREE","ẞẞÑÑ")
("one","two","three","ßßññ")
"str\n"
(nil,0)
(nil,0)
(nil,0)
("aGood_Nam3?",1)
(nil,0)
(("ab",1),("a",1),(nil,0))
("debug",5)
(1609556697,20)
({"year":2021,"month":1,"day":2,"hour":3,"minute":4,"second":57},1)
(0,0)
({"year":0,"month":0,"day":0,"hour":0,"minute":0,"second":0},0)
(1,2,10,0)
(1,nil,nil,6,0)
("","A","AAAA")
"ABBABA"
("TEXTUNTIL","BTEXT")
"AAABBB"
(0,0,1)
("AB","","AB")
("CD","","")
"   BC"
("","A","A")
format:
"one"
"one"
"ab%cd"
"true,true,true,false"
"42,-342,0"
"4294967295"
"ab AB 0"
"-123.456:333"
"-123.456/333.00"
"$3.50,-$93.990"
"3.50,-93.990"
"one [two]"
"one:TWO"
"pięćßß:SZEŚĆẞẞ"
"onb anylength"
"onb anylength"
"ABC"
"ñÑ!"
"A\n��C"
"BC"
" A"
"A"
"\"a\\n\\\"b\""
"fooBar"
"2021-01-02T03:04:57Z"
"2024-08-07T12:34:56Z"
"2025-08-07T12:34:56Z"
"2021-02-03T04:05:58Z"
"1984-05-25T00:00:00Z"
"0|1970-01-01T00:00:00Z|||42"
"  AB 10003"
"00AB 10003"
":left   :  right:"
"FACEB00F ffffffff"
"2021-01-02"
"longle,gright"
"  A|ABC|CDE"
"A  |ABC|ABC"
"%34i"
tabular:
+----------+-------+-----+
| name     | price | amt |
+----------+-------+-----+
| "apple " | 1     | 1   |
| "cherry" | 0.35  | 15  |
| "banana" | 0.75  | 2   |
+----------+-------+-----+
("foo","bar")
(12,0)
named:
{"banana":11,"apple":22}
{"":"fruity"}
{0:111,"n":"222",2:333}
({"one":34,"two":56},{"one":78,"two":99})
{}
{}
{"name":"two"}
"fruit 22"
"234"
"111 222 333"
"[333,444] [111,222]"
("333,111","444,222")
"333,111\n444,222"
"<>:0"
"multiplicity:multiplicity"
"0 0"
json:
"null"
"42"
"[11,22,33]"
"\"string\\n with\\\"/escapes\\\\!\""
"\"<\\/script < \\/script < \\/ script\""
"{\"foo\":999}"
"[{\"value\":11},{\"value\":22},{\"value\":33}]"
"null"
(1,nil,0)
((1,0,1),17)
((1,0,1),17)
((1,0),11)
-23.4
23900
((12,13,nil),7)
"foob"
"A\\nB\\C/D\""
"DAB"
"a b c\n1 2 3 4"
"A B"
"AB"
{"a":11,"b":22}
({"a":23},8)
({"a":23},8)
{1:5,2:99}
{"foo":22,"bar":33}
{"foo":22,"ba'r":33}
"foobaz"
{11:22}
{11:22,33:44}
("A",nil,nil)
("A",12,"3")
("A"," 00","4")
(nil,0)
love:
"{[11,22]:\"one\",[33,44]:\"two\"}"
"<\"a\":[11,33],\"b\":[22,44]>"
"%%IMG0AAMABAAAAAA="
"null"
{(11,22):"one",(33,44):"two"}
+----+----+
| a  | b  |
+----+----+
| 11 | 22 |
| 33 | 44 |
+----+----+
("%%IMG0AAMABAAAAAA=","%%IMG0AAMABAAAAAA=")
deckroman:
"��������� \n�������������������� !\"#$%&'()*+,-./0123456789:;<=>?@ABCDEFGHIJKLMNOPQRSTUVWXYZ[\\]^_`abcdefghijklmnopqrstuvwxyz{|}~…ÀÁÂÃÄÅÆÇÈÉÊËÌÍÎÏÐÑÒÓÔÕÖØÙÚÛÜÝÞßàáâãäåæçèéêëìíîïðñòóôõöøùúûüýþÿĀāĂăĄąĆćĒēĘęĪīıŁłŃńŌōŐőŒœŚśŠšŪūŰűŸŹźŻżŽžȘșȚțẞ¡¿«»€°���������������"
(127,128,129,130,131,132,133,134,135,136,137,138,139,140,141,142,143,144,145,146,147,148,149,150,151,152,153,154,155,156,157,158,159,160,161,162,163,164,165,166,167,168,169,170,171,172,173,174,175,176,177,178,179,180,181,182,183,184,185,186,187,188,189,190,191,192,193,194,195,196,197,198,199,200,201,202,203,204,205,206,207,208,209,210,211,212,213,214,215,216,217,218,219,220,221,222,223,224,225,226,227,228,229,230,231,232,233,234)
"aŰbẞc"
"a\nb"
recursive:
(11,"two")
("one.mp3","two.mp3","three.mp3")
"011:022:033"
("(list  1, 2, 3)","(list  4, 5, 6)")
"(list  1, 2, 3),\n(list  4, 5, 6)"
("U - 11","V - 22")
"U - 11\nV - 22"
