+----------+----+
| name     | id |
+----------+----+
| "Apple"  | 55 |
| "Apple"  | 44 |
| "Banana" | 88 |
| "Banana" | 22 |
| "Cherry" | 33 |
| "Durian" | 11 |
+----------+----+
(11,22)
(11)
()
(22,11,33,55,44,88)
()
(22,11,33,55,44,88)
(22,11,33,55,44,88)
(22,11,33,55,44,88)
(22,11,33,55,44,88)
"evens" (22,33,44)
"odds" (11,55,88)
+---------------+----+
| name          | id |
+---------------+----+
| "Banana"      | 22 |
| "Best Durian" | 11 |
| "Best Cherry" | 33 |
| "Best Apple"  | 55 |
| "Apple"       | 44 |
| "Best Banana" | 88 |
+---------------+----+
+---------------+----+
| name          | id |
+---------------+----+
| "Banana"      | 22 |
| "Durian"      | 11 |
| "Cherry"      | 33 |
| "Best Apple"  | 55 |
| "Apple"       | 44 |
| "Best Banana" | 88 |
+---------------+----+
+----------+----+------+
| name     | id | best |
+----------+----+------+
| "Banana" | 22 | nil  |
| "Durian" | 11 | nil  |
| "Cherry" | 33 | nil  |
| "Apple"  | 55 | 1    |
| "Apple"  | 44 | nil  |
| "Banana" | 88 | 1    |
+----------+----+------+
(3,1,1,2,2,2)
(1,3,3,2,2)
(5,-1,4,4,-6,-6,1,1,1)
+--------+
| name   |
+--------+
| "Sam"  |
| "Sara" |
+--------+
+----------+-------+
| name     | index |
+----------+-------+
| "Alice"  | 0     |
| "Sam"    | 1     |
| "Sara"   | 3     |
| "Thomas" | 2     |
| "Walter" | 4     |
+----------+-------+
+----------+--------------+
| name     | job          |
+----------+--------------+
| "Alice"  | "Developer"  |
| "Sara"   | "Developer"  |
| "Thomas" | "Developer"  |
| "Sam"    | "Sales"      |
| "Walter" | "Accounting" |
+----------+--------------+
+----------+--------------+
| name     | job          |
+----------+--------------+
| "Walter" | "Accounting" |
| "Alice"  | "Developer"  |
| "Sara"   | "Developer"  |
| "Thomas" | "Developer"  |
| "Sam"    | "Sales"      |
+----------+--------------+
+----------+--------------+
| employed | job          |
+----------+--------------+
| 3        | "Developer"  |
| 1        | "Sales"      |
| 1        | "Accounting" |
+----------+--------------+
{"v":("Accounting","Developer","Sales"),"i":(2,0,1)}
("Accounting","Sales","Developer")
((0,3,4),(1,2),(5))
(("A","B","C"),("D","E","F"),("G","H","I"))
("A","B","C")
("A")
()
+---------+----------+
| a       | b        |
+---------+----------+
| "Alice" | "Joan"   |
| "Alice" | "Oscar"  |
| "Joan"  | "Oscar"  |
| "Alice" | "Thomas" |
| "Joan"  | "Thomas" |
| "Oscar" | "Thomas" |
+---------+----------+
+---------------+-------+
| with "escapes | count |
+---------------+-------+
| 1             | "B"   |
| 2             | "C"   |
+---------------+-------+
+---------------+-------+-------+--------+-------+
| with "escapes | count | index | gindex | group |
+---------------+-------+-------+--------+-------+
| 0             | "A"   | 0     | 0      | 0     |
| 1             | "B"   | 1     | 1      | 0     |
| 2             | "C"   | 2     | 2      | 0     |
+---------------+-------+-------+--------+-------+
+-----+-----------+
| c0  | c1        |
+-----+-----------+
| "1" | (0,0,0,0) |
| "2" | (1,1,1,1) |
| "3" | (2,2,2)   |
| "4" | (3,3,3)   |
+-----+-----------+
+-----+-----+-----+
| a   | b   | c   |
+-----+-----+-----+
| "A" | "1" | "a" |
| "B" | "2" | "b" |
| "A" | "3" | "c" |
| "B" | "4" | "d" |
+-----+-----+-----+
+-----+-----+-----+
| a   | b   | c   |
+-----+-----+-----+
| "A" | "1" | "a" |
| "B" | "2" | "b" |
+-----+-----+-----+
+-----+-----+-----+
| a   | b   | c   |
+-----+-----+-----+
| "A" | "1" | "a" |
| "A" | "1" | "e" |
| "A" | "1" | "i" |
| "A" | "1" | "m" |
+-----+-----+-----+
(14,7)
+-----+-----+--------+
| a   | b   | gindex |
+-----+-----+--------+
| "A" | "1" | 0      |
| "A" | "3" | 1      |
| "A" | "1" | 2      |
| "A" | "3" | 3      |
| "A" | "1" | 4      |
| "A" | "3" | 5      |
| "A" | "1" | 6      |
| "B" | "2" | 7      |
| "B" | "4" | 8      |
| "B" | "2" | 9      |
| "B" | "4" | 10     |
| "B" | "2" | 11     |
| "B" | "4" | 12     |
| "B" | "2" | 13     |
+-----+-----+--------+
+-----+-----+--------+
| a   | b   | gindex |
+-----+-----+--------+
| "A" | "1" | 0      |
| "A" | "3" | 1      |
| "A" | "1" | 2      |
| "A" | "3" | 3      |
| "A" | "1" | 4      |
| "A" | "3" | 5      |
| "A" | "1" | 6      |
+-----+-----+--------+
+---+---+---+
| a | b | c |
+---+---+---+
+---+---+---+
| a | b | c |
+---+---+---+
+-------+
| value |
+-------+
+-------+
| value |
+-------+
| 42    |
+-------+
+----+-----+-----+
| a  | b   | c   |
+----+-----+-----+
| 11 | 22  | 33  |
| 44 | nil | nil |
+----+-----+-----+
+----+-------------+
| a  | quoted name |
+----+-------------+
| 55 | 66          |
| 77 | 88          |
+----+-------------+
+----+
| a  |
+----+
| 11 |
| 22 |
+----+
+-----------+
| __proto__ |
+-----------+
| 11        |
| 22        |
+-----------+
