2147483647
26
0
+----------+------+-----+-----+
| text     | font | arg | pat |
+----------+------+-----+-----+
| "simple" | ""   | ""  | 1   |
+----------+------+-----+-----+
+--------+--------+------+-----+
| text   | font   | arg  | pat |
+--------+--------+------+-----+
| "more" | "menu" | "23" | 1   |
+--------+--------+------+-----+
+--------+------+-----+-----+
| text   | font | arg | pat |
+--------+------+-----+-----+
| "pink" | ""   | ""  | 36  |
+--------+------+-----+-----+
1
2
0
-1
0
0
4
9
13
0
7
8
+----------+------+-----+-----+
| text     | font | arg | pat |
+----------+------+-----+-----+
| "single" | ""   | ""  | 1   |
+----------+------+-----+-----+
+------------------+--------+------------------+-----+
| text             | font   | arg              | pat |
+------------------+--------+------------------+-----+
| "Hello"          | "menu" | ""               | 1   |
| "how about "     | ""     | ""               | 1   |
| "some"           | "mono" | ""               | 1   |
| " salsa? never " | ""     | ""               | 1   |
| "mind."          | ""     | "the_brain_page" | 1   |
+------------------+--------+------------------+-----+
+--------------+------+------------------+-----+
| text         | font | arg              | pat |
+--------------+------+------------------+-----+
| "one never " | ""   | ""               | 1   |
| "mind."      | ""   | "the_brain_page" | 1   |
| "another"    | ""   | ""               | 1   |
+--------------+------+------------------+-----+
+------+------+---------+-----+
| text | font | arg     | pat |
+------+------+---------+-----+
| "i"  | ""   | <image> | 1   |
+------+------+---------+-----+
+------+------+-----+-----+
| text | font | arg | pat |
+------+------+-----+-----+
| "a"  | ""   | ""  | 0   |
| "b"  | ""   | ""  | 5   |
| "c"  | ""   | ""  | 255 |
+------+------+-----+-----+
"ohow about some"
+------+-----+--------+-----+
| font | arg | text   | pat |
+------+-----+--------+-----+
| ""   | ""  | " abo" | 1   |
+------+-----+--------+-----+
+--------+-----+--------------+-----+
| font   | arg | text         | pat |
+--------+-----+--------------+-----+
| "menu" | ""  | "o"          | 1   |
| ""     | ""  | "how about " | 1   |
| "mono" | ""  | "some"       | 1   |
+--------+-----+--------------+-----+
+------+------+-----+-----+
| text | font | arg | pat |
+------+------+-----+-----+
+------+------+-----+-----+
| text | font | arg | pat |
+------+------+-----+-----+
()
()
()
+----------------+------+-----+-----+
| text           | font | arg | pat |
+----------------+------+-----+-----+
| "first|"       | "f0" | ""  | 1   |
| "second|third" | "f1" | ""  | 1   |
| "|fourth"      | "f2" | ""  | 1   |
+----------------+------+-----+-----+
--d1--
+---------+------+-----+-----+
| text    | font | arg | pat |
+---------+------+-----+-----+
| "first" | "f0" | ""  | 1   |
+---------+------+-----+-----+
+----------+------+-----+-----+
| text     | font | arg | pat |
+----------+------+-----+-----+
| "second" | "f1" | ""  | 1   |
+----------+------+-----+-----+
+---------+------+-----+-----+
| text    | font | arg | pat |
+---------+------+-----+-----+
| "third" | "f1" | ""  | 1   |
+---------+------+-----+-----+
+----------+------+-----+-----+
| text     | font | arg | pat |
+----------+------+-----+-----+
| "fourth" | "f2" | ""  | 1   |
+----------+------+-----+-----+
--d2--
+-------------+------+-----+-----+
| text        | font | arg | pat |
+-------------+------+-----+-----+
| "first one" | "f1" | ""  | 1   |
+-------------+------+-----+-----+
+----------+------+-----+-----+
| text     | font | arg | pat |
+----------+------+-----+-----+
| "second" | "f1" | ""  | 1   |
| " one"   | "f2" | ""  | 1   |
+----------+------+-----+-----+
+-------------+------+-----+-----+
| text        | font | arg | pat |
+-------------+------+-----+-----+
| "third one" | "f3" | ""  | 1   |
+-------------+------+-----+-----+
+------+------+-----+-----+
| text | font | arg | pat |
+------+------+-----+-----+
1
1
1
+---------------+--------+-----+-----+
| text          | font   | arg | pat |
+---------------+--------+-----+-----+
| "Hello"       | "menu" | ""  | 1   |
| "how about "  | ""     | ""  | 1   |
| "some"        | "mono" | ""  | 1   |
| " pineapple?" | ""     | ""  | 1   |
+---------------+--------+-----+-----+
+--------------+--------+-----+-----+
| text         | font   | arg | pat |
+--------------+--------+-----+-----+
| "Hello"      | "menu" | ""  | 1   |
| "how about " | ""     | ""  | 1   |
| "some"       | "mono" | ""  | 1   |
| " sal{C}"    | ""     | ""  | 1   |
+--------------+--------+-----+-----+
+--------------+--------+-----+-----+
| text         | font   | arg | pat |
+--------------+--------+-----+-----+
| "He"         | "menu" | ""  | 1   |
| "{L}{L}"     | ""     | ""  | 1   |
| "o"          | "menu" | ""  | 1   |
| "how about " | ""     | ""  | 1   |
| "some"       | "mono" | ""  | 1   |
| " sa{L}sa?"  | ""     | ""  | 1   |
+--------------+--------+-----+-----+
+---------------+--------+-----+-----+
| text          | font   | arg | pat |
+---------------+--------+-----+-----+
| "?!?how ?!? " | ""     | ""  | 1   |
| "some"        | "mono" | ""  | 1   |
| " salsa?"     | ""     | ""  | 1   |
+---------------+--------+-----+-----+
+---------------+--------+-----+-----+
| text          | font   | arg | pat |
+---------------+--------+-----+-----+
| "{A}how {B} " | ""     | ""  | 1   |
| "some"        | "mono" | ""  | 1   |
| " salsa?"     | ""     | ""  | 1   |
+---------------+--------+-----+-----+
+-----------+--------+--------------------+-----+
| text      | font   | arg                | pat |
+-----------+--------+--------------------+-----+
| "Hello"   | "menu" | ""                 | 1   |
| "how "    | ""     | ""                 | 1   |
| "ABOUT"   | "menu" | "http://about.com" | 1   |
| " "       | ""     | ""                 | 1   |
| "some"    | "mono" | ""                 | 1   |
| " salsa?" | ""     | ""                 | 1   |
+-----------+--------+--------------------+-----+
+--------------+------+-----+-----+
| text         | font | arg | pat |
+--------------+------+-----+-----+
| "Q Q Q none" | ""   | ""  | 1   |
+--------------+------+-----+-----+
()
()
((0,0),(1,1),(2,2))
((5,8))
((0,3),(8,11),(12,15))
()
((3,4),(7,8))
((4,7),(12,17))
((4,5),(20,21))
((4,5),(10,11),(12,13),(20,21))
((0,3),(3,6))
