-25
3
11
(1,2,3)
"Some Text\nWith accented chars: Ã±"
222
333

15
234
334
{"foo":{"bar":"quuz"}}
{"bar":"quuz"}
"quuz"
1
2
4
8
103
105
107
(53,55,57)
(11,"foo",0)
(22,"bar",1)
on plustwice x y do ... end
(503,503)
+---------+--------------+
| name    | job          |
+---------+--------------+
| "Sara"  | "Programmer" |
| "Eric"  | "Programmer" |
| "Laura" | "IT"         |
| "Alice" | "Manager"    |
+---------+--------------+
+--------+
| name   |
+--------+
| "Eric" |
| "Sara" |
+--------+
+---------+--------------+-----------+
| name    | job          | dep_count |
+---------+--------------+-----------+
| "Sara"  | "Programmer" | 2         |
| "Eric"  | "Programmer" | 2         |
| "Laura" | "IT"         | 1         |
| "Alice" | "Manager"    | 1         |
+---------+--------------+-----------+
("Alice","Eric","Laura","Sara")
("A","A","B","B","B","C")
