
literals:
=========
52
-48.9
0.23
-8 1 0.999999 3.000001 3
"some\ntext"
()
1
1
-1
5 4
7
"12" -5

monads:
=======
-33
0
23
-0.999999
5
0
3
11
3333
nil nil 0 nil
nil nil 0 nil
(0,1,2,3,4)
()
(11,22,33)
("apple","cherry","banana")
(0,1,2)
()
("one")
(11,22)
23
75
7986
(1,2,3,4,5)
(4,3)
4
nil nil nil 0 1
42 -42 42 42 42
"nil"
"number"
"string"
"list"
"dict"
"table"
"function"
"system"
"function"
()
(("one","two","three"))
((1,4),(2,5),(3,6))
((22,33,55),(22,44,66),(22,nil,77),(22,nil,88))
+-----+
| key |
+-----+
insert with end insert key with end
+-------+-----+-----+-------+------+
| key   | tax | gas | power | food |
+-------+-----+-----+-------+------+
| "jan" | 11  | 22  | 33    | 44   |
| "feb" | 55  | 66  | 77    | 88   |
+-------+-----+-----+-------+------+
+-------+-----+-----+-------+------+
| key   | tax | gas | power | food |
+-------+-----+-----+-------+------+
| "jan" | 11  | 22  | 33    | 44   |
| "feb" | 55  | 66  | 77    | 88   |
+-------+-----+-----+-------+------+
(0,1,1) (0,1,1) () {} 1 1
1.030377
(9,5,7)
8
((1,0),(0,1),(0.707107,0.707107))
(0,1.570796,0.785398)
0
(1181022009,1233683848) (0,1) (5,5)
+---+---+---+
| 3 | 4 | 5 |
+---+---+---+
| 4 | 5 | 6 |
+---+---+---+
+---+---+---+
| 3 | 4 | 5 |
+---+---+---+
| 4 | 5 | 6 |
+---+---+---+
+----+
| 1  |
+----+
| 22 |
+----+
"my_func"
("alpha","beta")
"native"
()
{"Alpha":11,"Beta":22,"Gamma":33}
{"Alpha":33,"Beta":22}
{"Alpha":nil,"Beta":nil,"Gamma":nil}
{}

dyads:
======
5
1
-1
6
0.666667
0
0
0
2
2
(0,1,2,0,1,2,0,1,2,0)
(1,1.2,1.4,1.6,1.8,0,0.2,0.4,0.6,0.8,1,1.2,1.4,1.6,1.8,0,0.2,0.4,0.6,0.8,1,1.2,1.4,1.6,1.8,0,0.2,0.4,0.6,0.8,1)
256
(1,1,0)
(0,0,1)
(0,1,0)
0 0 1
(3,"apple")
(5,"banana")
("one","two","three")
("A","BEE+SEA","DEE")
("BAR")
("")
("A","B","C","D","E")
("","A","","B","")
(("S",2),("F",0))
"beef_|_stew_|_meal"
{"a":3,"b":4}
{"f":1,"o":nil}
{"a":"d","b":"e","c":"f"}
{"apple":11,"cherry":44,"banana":33,"durian":55}
{"apple":11,"cherry":22,"banana":33}
{"apple":11,"cherry":22,"banana":33}
{"apple":11,"cherry":22,"banana":33,0:11,1:22}
{"apple":11,"cherry":22,"banana":33,0:"A",1:"B"}
(on header name do ... end,on header name do ... end)
(0,1,1,1)
(0,1,0,1)
(1,0,1,0,1)
(1,0,1,0,1)
(1,0,1)
(nil)
0
"untitled"
"title"
("A","B","C","D")
("AB","CD")
("ABC","D")
("ABCD")
("AB","BC","CD")
("ABC","BCD")
()
((11),(22),(33),(44))
((11,22),(33,44))
((11,22,33),(44))
((11,22,33,44))
((11,22),(22,33),(33,44))
((11,22,33),(22,33,44))
()
()

drop/take:
==========
((5,5,5),"AB","ABABAB",(3,4),{"apple":11,"cherry":22})
((),"DEF","ABC",{"banana":33})
("xyz","xy","x","","")
("xyz","yz","z","","")
("","z","yz","xyz","zxyz")
("","x","xy","xyz","xyzx")
"AB"
"AB"
"AB"
(6,8)
+-------+
| value |
+-------+
| 33    |
| 44    |
+-------+
(nil,nil,nil,nil,nil)
(nil,nil,nil)
(11,22,55)
("quux","zami")
("bar","quux")
{"apple":11,"banana":33}
+----+
| a  |
+----+
| 99 |
| 88 |
+----+
+----+----+
| a  | b  |
+----+----+
| 88 | 44 |
+----+----+
+----+
| a  |
+----+
| 99 |
| 88 |
+----+
((0,0),(1,0),(2,0),(1,1),(2,1))
(44)
("foo")
("foo")
{"cherry":22}
+----+
| b  |
+----+
| 33 |
| 44 |
+----+
+----+----+
| a  | b  |
+----+----+
| 77 | 55 |
| 99 | 33 |
+----+----+
+----+
| b  |
+----+
| 33 |
| 44 |
+----+
((2,0),(0,1))
("ABC","A")
((11,22,33),(11,22))
({"apple":11,"cherry":22},{"apple":11,"cherry":22,"banana":33})
+-------+
| value |
+-------+
| 11    |
+-------+

matching:
=========
(1,0,0)
(1,0)
(1,0,0)
(1,0,1)
(1,0)

vectorization:
==============
(12,22,32)
(0,1,0)
(130,240)
()
()
((-11,-22,33),(44,-55))
((111,122,133),(144,155))

control structures:
===================
yes
narp
0
1
2
a
b
c
d
e
(0,10)
(1,11)
(2,12)
(3,"a")
(4,"b")
(3,"a",0)
(4,"b",1)
(3,2,1)
("AA","BB","CC")
{"apple":"11:apple","cherry":"22:cherry","banana":"33:banana"}
(3,3,5)
"A,A|A,A|A,A"

assignment and indexing:
========================
123
"b"
(5,999)
({"foo":29},{"foo":30})
{"key":5}
6
(2,(333,99))
"foobZOOTr"
{"string":"test"}

anonymous assigning and indexing:
=================================
999
{"fungus":32}
{"fungus":999}
33
(22,999,44)


{0:"f",1:"o",2:"o","bar":99}
{0:1,1:2,"bar":99}

tables:
=======
+-----+---------+
| foo | baz     |
+-----+---------+
| 11  | "one"   |
| 22  | "two"   |
| 33  | "three" |
+-----+---------+
({"foo":11,"baz":"one"},{"foo":22,"baz":"two"},{"foo":33,"baz":"three"})
+-----+---------+
| foo | baz     |
+-----+---------+
| 11  | "one"   |
| 22  | "two"   |
| 33  | "three" |
+-----+---------+
{"foo":(11,22,33),"baz":("one","two","three")}
+-------+
| value |
+-------+
| 1     |
| 2     |
| 3     |
+-------+
++
||
++
+----+----+-----+
| c0 | c1 | c2  |
+----+----+-----+
| 1  | 2  | 3   |
| 3  | 4  | nil |
| 6  | 7  | 8   |
| 9  | 10 | 11  |
+----+----+-----+
+-------+--------+--------+
| apple | cherry | banana |
+-------+--------+--------+
| 11    | 22     | 33     |
+-------+--------+--------+
3
({"foo":11,"baz":"one"},{"foo":33,"baz":"three"})
(1,0)
+-----+---------+
| foo | baz     |
+-----+---------+
| 11  | "one"   |
| 22  | "two"   |
| 33  | "three" |
| 11  | "one"   |
| 22  | "two"   |
+-----+---------+
+-----+---------+
| foo | baz     |
+-----+---------+
| 33  | "three" |
+-----+---------+
+-----+-----+
| foo | baz |
+-----+-----+
+-----+---------+-------+--------+--------+
| foo | baz     | apple | cherry | banana |
+-----+---------+-------+--------+--------+
| 11  | "one"   | nil   | nil    | nil    |
| 22  | "two"   | nil   | nil    | nil    |
| 33  | "three" | nil   | nil    | nil    |
| nil | nil     | 11    | 22     | 33     |
+-----+---------+-------+--------+--------+
{"foo":11,"baz":"one"}
("one","two","three")
("foo",":",11,22,33)
("baz",":","one","two","three")
+---+---+
| 1 | 2 |
+---+---+
| 3 | 4 |
+---+---+
+-----+-----+
| foo | bar |
+-----+-----+
| 11  | 33  |
| 22  | 44  |
+-----+-----+
+----------+------+-----+
| text     | font | arg |
+----------+------+-----+
| "simple" | ""   | ""  |
+----------+------+-----+

queries:
========
+----+---------+
| A  | B       |
+----+---------+
| 11 | "one"   |
| 22 | "two"   |
| 33 | "three" |
+----+---------+
+-----+---------+
| foo | baz     |
+-----+---------+
| 33  | "three" |
+-----+---------+
+---------+-----+
| name    | sex |
+---------+-----+
| "Alice" | "F" |
| "Tina"  | "F" |
| "Oscar" | "M" |
+---------+-----+
+-----+---------+
| foo | baz     |
+-----+---------+
| 33  | "three" |
| 22  | "two"   |
| 11  | "one"   |
+-----+---------+
+-------+
| index |
+-------+
| 0     |
| 1     |
| 2     |
+-------+
+---------+-----+
| name    | sex |
+---------+-----+
| "Alice" | "F" |
| "Tina"  | "F" |
| "Sam"   | "?" |
| "Alex"  | "?" |
| "Blake" | "?" |
| "Oscar" | "M" |
+---------+-----+
+---------+-----+
| name    | sex |
+---------+-----+
| "Alice" | "F" |
| "Tina"  | "F" |
| "Alex"  | "?" |
| "Blake" | "?" |
| "Sam"   | "?" |
| "Oscar" | "M" |
+---------+-----+
+---------+-----+
| c0      | c1  |
+---------+-----+
| "Alice" | "F" |
| "Alex"  | "?" |
| "Oscar" | "M" |
+---------+-----+
+----+
| c0 |
+----+
| 0  |
| 2  |
| 4  |
+----+
+--------+---------+
| gindex | c1      |
+--------+---------+
| 0      | "Alice" |
| 1      | "Alice" |
| 0      | "Sam"   |
| 1      | "Sam"   |
| 2      | "Sam"   |
| 0      | "Oscar" |
+--------+---------+
+--------+-------+
| gindex | index |
+--------+-------+
| 0      | 0     |
| 1      | 3     |
| 0      | 1     |
| 1      | 2     |
| 2      | 5     |
| 0      | 4     |
+--------+-------+
(0,3,1,2,5,4)
+-------+-------+
| value | group |
+-------+-------+
| "A"   | 0     |
| "A"   | 0     |
| "A"   | 0     |
| "A"   | 0     |
| "C"   | 1     |
| "B"   | 2     |
| "B"   | 2     |
+-------+-------+
+-------+-------+
| value | group |
+-------+-------+
| "D"   | 0     |
| "D"   | 0     |
| "E"   | 1     |
| "E"   | 1     |
| "F"   | 2     |
| "F"   | 2     |
+-------+-------+
(11,22,33)
"one"
{"fb":("three")}
{"a":("one"),"b":("three")}
{"a":("one"),"":("three")}
("F","F","?","?","?","M")
(2,3,1)
(("A","B","C"),("D","E","F"),("G","H","I"))
+----------+-----+--------------+
| name     | age | job          |
+----------+-----+--------------+
| "Alice"  | 25  | "Unemployed" |
| "Sam"    | 28  | "Unemployed" |
| "Thomas" | 40  | "Unemployed" |
| "Sara"   | 34  | "Unemployed" |
| "Walter" | 43  | "Unemployed" |
+----------+-----+--------------+
+----------+-----+--------------+
| name     | age | job          |
+----------+-----+--------------+
| "Alice"  | 25  | "Manager"    |
| "Sam"    | 28  | "Sales"      |
| "Thomas" | 40  | "Developer"  |
| "Sara"   | 34  | "Developer"  |
| "Walter" | 43  | "Accounting" |
+----------+-----+--------------+
+----------+-----+--------------+
| name     | age | job          |
+----------+-----+--------------+
| "Alice"  | 25  | "Engineer"   |
| "Sam"    | 28  | "Sales"      |
| "Thomas" | 40  | "Engineer"   |
| "Sara"   | 34  | "Engineer"   |
| "Walter" | 43  | "Accounting" |
+----------+-----+--------------+
+----------+-----+--------------+
| name     | age | job          |
+----------+-----+--------------+
| "Alice"  | 55  | "Developer"  |
| "Sam"    | 28  | "Sales"      |
| "Thomas" | 70  | "Developer"  |
| "Sara"   | 64  | "Developer"  |
| "Walter" | 43  | "Accounting" |
+----------+-----+--------------+
+----------+-----+--------------+---------+
| name     | age | job          | job_age |
+----------+-----+--------------+---------+
| "Alice"  | 25  | "Developer"  | 33      |
| "Sam"    | 28  | "Sales"      | 28      |
| "Thomas" | 40  | "Developer"  | 33      |
| "Sara"   | 34  | "Developer"  | 33      |
| "Walter" | 43  | "Accounting" | 43      |
+----------+-----+--------------+---------+
+-----------+------------+-------+------+--------+
| name      | sport      | score | rank | victor |
+-----------+------------+-------+------+--------+
| "Alice"   | "Bowling"  | 180   | 3    | 0      |
| "Anthony" | "Bowling"  | 182   | 2    | 0      |
| "Tara"    | "Cornhole" | 6     | 1    | 1      |
| "Mike"    | "Bowling"  | 210   | 1    | 1      |
| "Phil"    | "Cornhole" | 5     | 2    | 0      |
+-----------+------------+-------+------+--------+
+-------+-------+
| value | index |
+-------+-------+
| "A"   | 0     |
| "B"   | 2     |
| "C"   | 4     |
+-------+-------+
+----------+-----+--------------+
| name     | age | job          |
+----------+-----+--------------+
| "Alice"  | 25  | "Developer"  |
| "Sam"    | 28  | "Sales"      |
| "Thomas" | 40  | "Developer"  |
| "Sara"   | 34  | "Developer"  |
| "Walter" | 43  | "Accounting" |
| "John"   | 32  | "Writer"     |
+----------+-----+--------------+
+----------+-----+--------------+---------+
| name     | age | job          | color   |
+----------+-----+--------------+---------+
| "Alice"  | 25  | "Developer"  | nil     |
| "Sam"    | 28  | "Sales"      | nil     |
| "Thomas" | 40  | "Developer"  | nil     |
| "Sara"   | 34  | "Developer"  | nil     |
| "Walter" | 43  | "Accounting" | nil     |
| "John"   | 32  | "Writer"     | "Green" |
+----------+-----+--------------+---------+
+------+-----+
| name | job |
+------+-----+
+---+---+
| n | v |
+---+---+
| 0 | 5 |
+---+---+
()
{"n":(0),"v":(5)}
("Alice","Thomas","Sara")
()
+-------+
| value |
+-------+
()
+----------+-----+--------------+
| name     | age | job          |
+----------+-----+--------------+
| "Alice"  | 25  | "Developer"  |
| "Sam"    | 28  | "Sales"      |
| "Thomas" | 40  | "Developer"  |
| "Sara"   | 34  | "Developer"  |
| "Walter" | 43  | "Accounting" |
+----------+-----+--------------+
+-------+
| value |
+-------+
| "One" |
| "Two" |
+-------+
+-------+
| value |
+-------+
| "One" |
| "Two" |
+-------+
+-------+
| value |
+-------+
| "One" |
| "Two" |
+-------+
+-----+
| x   |
+-----+
| 321 |
+-----+
+-----+---+
| c   | n |
+-----+---+
| "A" | 2 |
| "A" | 3 |
| "A" | 3 |
| "A" | 4 |
| "A" | 4 |
| "A" | 6 |
| "A" | 7 |
| "A" | 8 |
| "A" | 9 |
| "B" | 0 |
| "B" | 0 |
| "B" | 2 |
| "B" | 2 |
| "B" | 4 |
| "B" | 4 |
| "B" | 7 |
| "B" | 7 |
+-----+---+
+-------+---------+
| index | n       |
+-------+---------+
| 2     | (2)     |
| 3     | (3,4)   |
| 4     | (7,7,1) |
| 0     | (7,7,2) |
| 1     | (9,0)   |
| 5     | (9,2)   |
+-------+---------+
+--------------------+
| c0                 |
+--------------------+
| "with some spaces" |
+--------------------+
+----------------+-------+
| with "specials | value |
+----------------+-------+
| 0              | "A"   |
| 2              | "B"   |
| 4              | "C"   |
+----------------+-------+
+-------+
| count |
+-------+
| 0     |
| 1     |
| 2     |
| 3     |
| 4     |
+-------+
+------------+----+
| with space | c1 |
+------------+----+
| 11         | 22 |
+------------+----+
+-------------+-----+
| with spaces | ord |
+-------------+-----+
| "A"         | 13  |
| "A"         | 8   |
| "B"         | 2   |
| "A"         | 1   |
| "A"         | 5   |
| "B"         | 7   |
| "B"         | 3   |
+-------------+-----+
+----------------+
| with " escapes |
+----------------+
| 1              |
+----------------+
+--------+-----+
| column | ord |
+--------+-----+
| "A"    | 1   |
| "A"    | 5   |
| "A"    | 8   |
| "A"    | 13  |
| "B"    | 2   |
| "B"    | 3   |
| "B"    | 7   |
+--------+-----+
+-------------+-----+-------+--------+-------+
| with spaces | ord | index | gindex | group |
+-------------+-----+-------+--------+-------+
| "A"         | 13  | 0     | 0      | 0     |
| "A"         | 8   | 1     | 1      | 0     |
| "B"         | 2   | 2     | 2      | 0     |
| "A"         | 1   | 3     | 3      | 0     |
| "A"         | 5   | 4     | 4      | 0     |
| "B"         | 7   | 5     | 5      | 0     |
| "B"         | 3   | 6     | 6      | 0     |
+-------------+-----+-------+--------+-------+
(4,3)
+-------+----+----+
| value | c1 | c2 |
+-------+----+----+
| "foo" | 1  | 2  |
| "bar" | 3  | 4  |
| "baz" | 5  | 6  |
+-------+----+----+
+-------+-----+-----+
| value | c1  | c2  |
+-------+-----+-----+
| "foo" | "1" | "2" |
| "bar" | "3" | "4" |
| "baz" | "5" | "6" |
+-------+-----+-----+

joins:
======
+----+-----+
| k  | a   |
+----+-----+
| 11 | "A" |
| 23 | "B" |
| 14 | "C" |
| 32 | "D" |
+----+-----+
+----+------+
| k  | b    |
+----+------+
| 30 | 1000 |
| 11 | 2000 |
| 32 | 3000 |
| 14 | 4000 |
+----+------+
+----+-----+------+
| k  | a   | b    |
+----+-----+------+
| 11 | "A" | 2000 |
| 14 | "C" | 4000 |
| 32 | "D" | 3000 |
+----+-----+------+
+---------------+----+----------------------+----------+
| category      | id | name                 | quantity |
+---------------+----+----------------------+----------+
| "food"        | 1  | "Nuts and Gum"       | 3        |
| "food"        | 1  | "Nuts and Gum"       | 7        |
| "food"        | 5  | "Cracklin' Oat Bran" | 10       |
| "misc"        | 1  | "Pickle Paste"       | 20       |
| "electronics" | 1  | "Yak Shaver"         | 2        |
| "electronics" | 1  | "Yak Shaver"         | 7        |
+---------------+----+----------------------+----------+
+----------+----+------+----------+
| category | id | name | quantity |
+----------+----+------+----------+
+----+-----+----+------+
| k  | a   | k_ | b    |
+----+-----+----+------+
| 11 | "A" | 30 | 1000 |
| 23 | "B" | 30 | 1000 |
| 14 | "C" | 30 | 1000 |
| 32 | "D" | 30 | 1000 |
| 11 | "A" | 11 | 2000 |
| 23 | "B" | 11 | 2000 |
| 14 | "C" | 11 | 2000 |
| 32 | "D" | 11 | 2000 |
| 11 | "A" | 32 | 3000 |
| 23 | "B" | 32 | 3000 |
| 14 | "C" | 32 | 3000 |
| 32 | "D" | 32 | 3000 |
| 11 | "A" | 14 | 4000 |
| 23 | "B" | 14 | 4000 |
| 14 | "C" | 14 | 4000 |
| 32 | "D" | 14 | 4000 |
+----+-----+----+------+
+-----+-----+------+-------+
| one | two | two_ | three |
+-----+-----+------+-------+
((1,3),(2,3),(1,4),(2,4),(1,5),(2,5))
((0,0),(1,0),(2,0),(0,1),(1,1),(2,1))
((0,"A"),(1,"A"),(0,"B"),(1,"B"),(0,"C"),(1,"C"))
(("A","D"),("B","E"),("C","D"))
(("A","D"),("B","E"))
((11,22,"A","D"),(33,44,"B","E"),(55,66,"C","F"))
((0,0),(1,1),(2,2))

functions:
==========
on avg a do ... end
"twotwo"
"twotwotwo"
(3,5)
(3,nil)
(3,5)
+--------------+---------+
| job          | avg_age |
+--------------+---------+
| "Developer"  | 33      |
| "Sales"      | 28      |
| "Accounting" | 43      |
+--------------+---------+
(-5,-4,-3,-2,-1,0,1,2,3,5)
(0,nil,nil)
(0,nil,nil)
(1,-1,nil)
{(1,2):5}
"+"
{"member":on twice x do ... end}
46
(5,700)
"[] - (0)"
"[test] - (0)"
"[test] - (999)"
"s"
"[funky] - (0)"
invoke native via brackets.

finished.
